** Drc report for Circular_RPi5.kicad_pcb **
** Created on 2026-08-14T13:22:39+0530 **

** Found 111 DRC violations **
[clearance]: Clearance violation (netclass 'HS_90_USB3' clearance 0.1270 mm; actual 0.0074 mm)
    Rule: netclass 'HS_90_USB3'; error
    @(174.7000 mm, 115.4000 mm): Pad 6 [unconnected-(U6-NC-Pad6)] of U6 on Top Layer
    @(174.7000 mm, 115.7459 mm): Track [/SSRX-] on Top Layer, length 0.4241 mm
[track_width]: Track width (board setup constraints min width 2.5000 mm; actual 1.0000 mm)
    Rule: 5A power minimum track width; error
    @(162.2000 mm, 107.9500 mm): Track [+5V] on Top Layer, length 1.2657 mm
[track_width]: Track width (board setup constraints min width 2.5000 mm; actual 1.0000 mm)
    Rule: 5A power minimum track width; error
    @(139.7000 mm, 71.2079 mm): Track [+5V] on Top Layer, length 0.8609 mm
[track_width]: Track width (board setup constraints min width 2.5000 mm; actual 2.0000 mm)
    Rule: 5A power minimum track width; error
    @(114.1120 mm, 78.2507 mm): Track [+5V] on Top Layer, length 0.7807 mm
[track_width]: Track width (board setup constraints min width 2.5000 mm; actual 2.0000 mm)
    Rule: 5A power minimum track width; error
    @(110.7120 mm, 76.4880 mm): Track [+5V] on Top Layer, length 0.4073 mm
[track_width]: Track width (board setup constraints min width 2.5000 mm; actual 2.0000 mm)
    Rule: 5A power minimum track width; error
    @(114.1120 mm, 77.4700 mm): Track [+5V] on Top Layer, length 1.8420 mm
[track_width]: Track width (board setup constraints min width 2.5000 mm; actual 1.0000 mm)
    Rule: 5A power minimum track width; error
    @(129.2000 mm, 72.2000 mm): Track [+5V] on Top Layer, length 5.2000 mm
[track_width]: Track width (board setup constraints min width 2.5000 mm; actual 1.0000 mm)
    Rule: 5A power minimum track width; error
    @(163.4657 mm, 107.9500 mm): Track [+5V] on Top Layer, length 2.4749 mm
[track_width]: Track width (board setup constraints min width 2.5000 mm; actual 1.0000 mm)
    Rule: 5A power minimum track width; error
    @(144.5260 mm, 71.1639 mm): Track [+5V] on Top Layer, length 0.8169 mm
[track_width]: Track width (board setup constraints min width 2.5000 mm; actual 1.0000 mm)
    Rule: 5A power minimum track width; error
    @(134.4000 mm, 72.2000 mm): Track [+5V] on Top Layer, length 0.3111 mm
[track_width]: Track width (board setup constraints min width 2.5000 mm; actual 1.0000 mm)
    Rule: 5A power minimum track width; error
    @(138.7079 mm, 72.2000 mm): Track [+5V] on Top Layer, length 4.7820 mm
[track_width]: Track width (board setup constraints min width 2.5000 mm; actual 1.0000 mm)
    Rule: 5A power minimum track width; error
    @(138.7079 mm, 72.2000 mm): Track [+5V] on Top Layer, length 1.4030 mm
[track_width]: Track width (board setup constraints min width 2.5000 mm; actual 1.5000 mm)
    Rule: 5A power minimum track width; error
    @(175.0500 mm, 107.2500 mm): Track [+5V] on Top Layer, length 1.9092 mm
[track_width]: Track width (board setup constraints min width 2.5000 mm; actual 1.0000 mm)
    Rule: 5A power minimum track width; error
    @(129.3520 mm, 70.0930 mm): Track [+5V] on Top Layer, length 1.9550 mm
[track_width]: Track width (board setup constraints min width 2.5000 mm; actual 2.0000 mm)
    Rule: 5A power minimum track width; error
    @(116.2000 mm, 80.3387 mm): Track [+5V] on Top Layer, length 2.9529 mm
[track_width]: Track width (board setup constraints min width 2.5000 mm; actual 1.0000 mm)
    Rule: 5A power minimum track width; error
    @(129.3520 mm, 72.0480 mm): Track [+5V] on Top Layer, length 0.2150 mm
[track_width]: Track width (board setup constraints min width 2.5000 mm; actual 1.0000 mm)
    Rule: 5A power minimum track width; error
    @(143.4899 mm, 72.2000 mm): Track [+5V] on Top Layer, length 1.4652 mm
[track_width]: Track width (board setup constraints min width 2.5000 mm; actual 1.5000 mm)
    Rule: 5A power minimum track width; error
    @(173.5375 mm, 107.2500 mm): Track [+5V] on Top Layer, length 1.5125 mm
[track_width]: Track width (board setup constraints min width 2.5000 mm; actual 2.0000 mm)
    Rule: 5A power minimum track width; error
    @(112.2700 mm, 77.4700 mm): Track [+5V] on Top Layer, length 1.7961 mm
[track_width]: Track width (board setup constraints min width 2.5000 mm; actual 1.0000 mm)
    Rule: 5A power minimum track width; error
    @(165.2157 mm, 106.2000 mm): Track [+5V] on Top Layer, length 3.9843 mm
[track_width]: Track width (board setup constraints min width 2.5000 mm; actual 1.0000 mm)
    Rule: 5A power minimum track width; error
    @(134.6200 mm, 71.9800 mm): Track [+5V] on Top Layer, length 1.8870 mm
[track_width]: Track width (board setup constraints min width 2.5000 mm; actual 2.0000 mm)
    Rule: 5A power minimum track width; error
    @(116.2000 mm, 82.2960 mm): Track [+5V] on Top Layer, length 1.9573 mm
[track_width]: Track width (board setup constraints min width 2.5000 mm; actual 2.0000 mm)
    Rule: 5A power minimum track width; error
    @(110.7120 mm, 82.8040 mm): Track [+5V] on Top Layer, length 6.3160 mm
[track_width]: Track width (board setup constraints min width 2.5000 mm; actual 1.0000 mm)
    Rule: 5A power minimum track width; error
    @(134.4000 mm, 72.2000 mm): Track [+5V] on Top Layer, length 4.3079 mm
[track_width]: Track width (board setup constraints min width 2.5000 mm; actual 2.0000 mm)
    Rule: 5A power minimum track width; error
    @(153.6500 mm, 103.5500 mm): Track [+5V] on Bottom Layer, length 1.2021 mm
[track_width]: Track width (board setup constraints min width 2.5000 mm; actual 1.5000 mm)
    Rule: 5A power minimum track width; error
    @(157.5560 mm, 103.5560 mm): Track [+5V] on Bottom Layer, length 0.0622 mm
[track_width]: Track width (board setup constraints min width 2.5000 mm; actual 2.0000 mm)
    Rule: 5A power minimum track width; error
    @(124.9680 mm, 124.8320 mm): Track [+5V] on Bottom Layer, length 1.4595 mm
[track_width]: Track width (board setup constraints min width 2.5000 mm; actual 1.5000 mm)
    Rule: 5A power minimum track width; error
    @(157.5500 mm, 107.5500 mm): Track [+5V] on Bottom Layer, length 0.2121 mm
[track_width]: Track width (board setup constraints min width 2.5000 mm; actual 1.5000 mm)
    Rule: 5A power minimum track width; error
    @(158.4880 mm, 69.0880 mm): Track [+5V] on Bottom Layer, length 0.1584 mm
[track_width]: Track width (board setup constraints min width 2.5000 mm; actual 1.5000 mm)
    Rule: 5A power minimum track width; error
    @(157.5500 mm, 108.8000 mm): Track [+5V] on Bottom Layer, length 1.2500 mm
[track_width]: Track width (board setup constraints min width 2.5000 mm; actual 1.0000 mm)
    Rule: 5A power minimum track width; error
    @(169.2000 mm, 106.2000 mm): Track [+5V] on Bottom Layer, length 2.0000 mm
[track_width]: Track width (board setup constraints min width 2.5000 mm; actual 1.5000 mm)
    Rule: 5A power minimum track width; error
    @(160.7160 mm, 72.8980 mm): Track [+5V] on Bottom Layer, length 1.3860 mm
[track_width]: Track width (board setup constraints min width 2.5000 mm; actual 2.0000 mm)
    Rule: 5A power minimum track width; error
    @(154.0500 mm, 103.5500 mm): Track [+5V] on Bottom Layer, length 0.4000 mm
[track_width]: Track width (board setup constraints min width 2.5000 mm; actual 1.5000 mm)
    Rule: 5A power minimum track width; error
    @(156.8400 mm, 69.0880 mm): Track [+5V] on Bottom Layer, length 1.6480 mm
[track_width]: Track width (board setup constraints min width 2.5000 mm; actual 1.5000 mm)
    Rule: 5A power minimum track width; error
    @(156.1440 mm, 103.5560 mm): Track [+5V] on Bottom Layer, length 1.4120 mm
[track_width]: Track width (board setup constraints min width 2.5000 mm; actual 2.0000 mm)
    Rule: 5A power minimum track width; error
    @(124.9680 mm, 125.9840 mm): Track [+5V] on Bottom Layer, length 1.1520 mm
[track_width]: Track width (board setup constraints min width 2.5000 mm; actual 1.5000 mm)
    Rule: 5A power minimum track width; error
    @(162.1020 mm, 72.8980 mm): Track [+5V] on Bottom Layer, length 0.9871 mm
[track_width]: Track width (board setup constraints min width 2.5000 mm; actual 2.0000 mm)
    Rule: 5A power minimum track width; error
    @(155.6000 mm, 103.5500 mm): Track [+5V] on Bottom Layer, length 1.5500 mm
[track_width]: Track width (board setup constraints min width 2.5000 mm; actual 0.5000 mm)
    Rule: 5A power minimum track width; error
    @(106.7500 mm, 93.0000 mm): Track [/VBUS_IN] on Top Layer, length 0.5731 mm
[track_width]: Track width (board setup constraints min width 2.5000 mm; actual 0.5000 mm)
    Rule: 5A power minimum track width; error
    @(106.5620 mm, 89.0860 mm): Track [/VBUS_IN] on Top Layer, length 0.7600 mm
[track_width]: Track width (board setup constraints min width 0.1900 mm; actual 0.1271 mm)
    Rule: USB3 SuperSpeed pair width; error
    @(173.8875 mm, 114.9334 mm): Track [/SSRX-] on Top Layer, length 1.1491 mm
[track_width]: Track width (board setup constraints min width 0.1900 mm; actual 0.1271 mm)
    Rule: USB3 SuperSpeed pair width; error
    @(165.2000 mm, 113.1985 mm): Track [/SSRX-] on Top Layer, length 2.4535 mm
[track_width]: Track width (board setup constraints min width 0.1900 mm; actual 0.1271 mm)
    Rule: USB3 SuperSpeed pair width; error
    @(174.7000 mm, 115.7459 mm): Track [/SSRX-] on Top Layer, length 0.4241 mm
[track_width]: Track width (board setup constraints min width 0.1900 mm; actual 0.1290 mm)
    Rule: USB3 SuperSpeed pair width; error
    @(166.9349 mm, 114.9334 mm): Track [/SSRX-] on Top Layer, length 6.9526 mm
[track_width]: Track width (board setup constraints min width 0.1900 mm; actual 0.1271 mm)
    Rule: USB3 SuperSpeed pair width; error
    @(165.2000 mm, 112.3500 mm): Track [/SSRX-] on Top Layer, length 0.8485 mm
[track_width]: Track width (board setup constraints min width 0.1700 mm; actual 0.1290 mm)
    Rule: 100 ohm pair width; error
    @(141.2000 mm, 127.3170 mm): Track [/MIPI0_C_P] on Bottom Layer, length 4.1269 mm
[track_width]: Track width (board setup constraints min width 0.1700 mm; actual 0.1290 mm)
    Rule: 100 ohm pair width; error
    @(138.2819 mm, 124.3988 mm): Track [/MIPI0_C_P] on Bottom Layer, length 0.3450 mm
[track_width]: Track width (board setup constraints min width 0.1700 mm; actual 0.1290 mm)
    Rule: 100 ohm pair width; error
    @(137.9368 mm, 124.3988 mm): Track [/MIPI0_C_P] on Bottom Layer, length 3.0220 mm
[track_width]: Track width (board setup constraints min width 0.1700 mm; actual 0.1290 mm)
    Rule: 100 ohm pair width; error
    @(136.4080 mm, 67.1321 mm): Track [/HDMI0_TX2_P] on Top Layer, length 1.8471 mm
[track_width]: Track width (board setup constraints min width 0.1700 mm; actual 0.1300 mm)
    Rule: 100 ohm pair width; error
    @(138.4542 mm, 68.9265 mm): Track [/HDMI0_TX0_P] on Top Layer, length 1.8843 mm
[track_width]: Track width (board setup constraints min width 0.1700 mm; actual 0.1300 mm)
    Rule: 100 ohm pair width; error
    @(139.9958 mm, 68.9265 mm): Track [/HDMI0_TX0_P] on Top Layer, length 1.5416 mm
[track_width]: Track width (board setup constraints min width 0.1700 mm; actual 0.1380 mm)
    Rule: 100 ohm pair width; error
    @(137.6660 mm, 68.1383 mm): Track [/HDMI0_TX0_P] on Top Layer, length 2.9113 mm
[track_width]: Track width (board setup constraints min width 0.1700 mm; actual 0.1280 mm)
    Rule: 100 ohm pair width; error
    @(138.4542 mm, 68.9265 mm): Track [/HDMI0_TX0_P] on Top Layer, length 1.1147 mm
[track_width]: Track width (board setup constraints min width 0.1700 mm; actual 0.1280 mm)
    Rule: 100 ohm pair width; error
    @(140.6500 mm, 68.2723 mm): Track [/HDMI0_TX0_P] on Top Layer, length 0.9252 mm
[track_width]: Track width (board setup constraints min width 0.1700 mm; actual 0.1280 mm)
    Rule: 100 ohm pair width; error
    @(137.0589 mm, 70.2589 mm): Track [/HDMI0_TX0_P] on Bottom Layer, length 23.9584 mm
[track_width]: Track width (board setup constraints min width 0.1700 mm; actual 0.1290 mm)
    Rule: 100 ohm pair width; error
    @(110.0580 mm, 102.5417 mm): Track [/HDMI0_TX0_P] on Bottom Layer, length 2.9760 mm
[track_width]: Track width (board setup constraints min width 0.1700 mm; actual 0.1290 mm)
    Rule: 100 ohm pair width; error
    @(110.0580 mm, 91.7680 mm): Track [/HDMI0_TX0_P] on Bottom Layer, length 10.7737 mm
[track_width]: Track width (board setup constraints min width 0.1700 mm; actual 0.1290 mm)
    Rule: 100 ohm pair width; error
    @(114.6260 mm, 87.2000 mm): Track [/HDMI0_TX0_P] on Bottom Layer, length 6.4601 mm
[track_width]: Track width (board setup constraints min width 0.1700 mm; actual 0.1530 mm)
    Rule: 100 ohm pair width; error
    @(112.1623 mm, 104.6460 mm): Track [/HDMI0_TX0_P] on Bottom Layer, length 1.8517 mm
[track_width]: Track width (board setup constraints min width 0.1700 mm; actual 0.1290 mm)
    Rule: 100 ohm pair width; error
    @(145.2580 mm, 66.8709 mm): Track [/HDMI0_CLK_N] on Bottom Layer, length 0.0707 mm
[track_width]: Track width (board setup constraints min width 0.1700 mm; actual 0.1290 mm)
    Rule: 100 ohm pair width; error
    @(141.1820 mm, 64.5820 mm): Track [/HDMI0_CLK_N] on Bottom Layer, length 3.4196 mm
[track_width]: Track width (board setup constraints min width 0.1700 mm; actual 0.1300 mm)
    Rule: 100 ohm pair width; error
    @(145.2580 mm, 66.9417 mm): Track [/HDMI0_CLK_N] on Bottom Layer, length 0.2833 mm
[track_width]: Track width (board setup constraints min width 0.1700 mm; actual 0.1290 mm)
    Rule: 100 ohm pair width; error
    @(139.6536 mm, 64.5820 mm): Track [/HDMI0_CLK_N] on Bottom Layer, length 1.5284 mm
[track_width]: Track width (board setup constraints min width 0.1700 mm; actual 0.1290 mm)
    Rule: 100 ohm pair width; error
    @(144.3457 mm, 66.2000 mm): Track [/HDMI0_CLK_N] on Bottom Layer, length 0.2414 mm
[track_width]: Track width (board setup constraints min width 0.1700 mm; actual 0.1300 mm)
    Rule: 100 ohm pair width; error
    @(143.6000 mm, 66.9457 mm): Track [/HDMI0_CLK_N] on Bottom Layer, length 1.0545 mm
[track_width]: Track width (board setup constraints min width 0.1700 mm; actual 0.1290 mm)
    Rule: 100 ohm pair width; error
    @(145.4583 mm, 67.1420 mm): Track [/HDMI0_CLK_N] on Bottom Layer, length 0.9997 mm
[track_width]: Track width (board setup constraints min width 0.1700 mm; actual 0.1290 mm)
    Rule: 100 ohm pair width; error
    @(144.5871 mm, 66.2000 mm): Track [/HDMI0_CLK_N] on Bottom Layer, length 0.9489 mm
[track_width]: Track width (board setup constraints min width 0.1700 mm; actual 0.1290 mm)
    Rule: 100 ohm pair width; error
    @(146.3337 mm, 89.9820 mm): Track [/Ethernet_Pair0_P] on Bottom Layer, length 0.9390 mm
[track_width]: Track width (board setup constraints min width 0.1700 mm; actual 0.1300 mm)
    Rule: 100 ohm pair width; error
    @(151.4835 mm, 83.5910 mm): Track [/Ethernet_Pair0_P] on Bottom Layer, length 7.2828 mm
[track_width]: Track width (board setup constraints min width 0.1700 mm; actual 0.1300 mm)
    Rule: 100 ohm pair width; error
    @(160.3910 mm, 83.5910 mm): Track [/Ethernet_Pair0_P] on Bottom Layer, length 8.9075 mm
[track_width]: Track width (board setup constraints min width 0.1700 mm; actual 0.1290 mm)
    Rule: 100 ohm pair width; error
    @(146.3337 mm, 88.7407 mm): Track [/Ethernet_Pair0_P] on Bottom Layer, length 1.2413 mm
[track_width]: Track width (board setup constraints min width 0.1700 mm; actual 0.1280 mm)
    Rule: 100 ohm pair width; error
    @(161.6000 mm, 87.4000 mm): Track [/Ethernet_Pair1_P] on Bottom Layer, length 5.8587 mm
[track_width]: Track width (board setup constraints min width 0.1700 mm; actual 0.1280 mm)
    Rule: 100 ohm pair width; error
    @(155.3573 mm, 87.0160 mm): Track [/Ethernet_Pair1_P] on Bottom Layer, length 4.8353 mm
[track_width]: Track width (board setup constraints min width 0.1700 mm; actual 0.1280 mm)
    Rule: 100 ohm pair width; error
    @(155.7413 mm, 87.4000 mm): Track [/Ethernet_Pair1_P] on Bottom Layer, length 0.5431 mm
[track_width]: Track width (board setup constraints min width 0.1900 mm; actual 0.1290 mm)
    Rule: USB3 SuperSpeed pair width; error
    @(110.9680 mm, 95.1851 mm): Track [/SSRX+] on Bottom Layer, length 0.7931 mm
[track_width]: Track width (board setup constraints min width 0.1900 mm; actual 0.1290 mm)
    Rule: USB3 SuperSpeed pair width; error
    @(111.1681 mm, 96.8444 mm): Track [/SSRX+] on Bottom Layer, length 1.4592 mm
[track_width]: Track width (board setup constraints min width 0.1900 mm; actual 0.1290 mm)
    Rule: USB3 SuperSpeed pair width; error
    @(111.1681 mm, 95.3852 mm): Track [/SSRX+] on Bottom Layer, length 0.2830 mm
[track_width]: Track width (board setup constraints min width 0.1900 mm; actual 0.1290 mm)
    Rule: USB3 SuperSpeed pair width; error
    @(110.9680 mm, 94.3921 mm): Track [/SSRX+] on Bottom Layer, length 0.6123 mm
[track_width]: Track width (board setup constraints min width 0.1900 mm; actual 0.1290 mm)
    Rule: USB3 SuperSpeed pair width; error
    @(110.6432 mm, 97.8432 mm): Track [/SSRX+] on Bottom Layer, length 0.4738 mm
[track_width]: Track width (board setup constraints min width 0.1900 mm; actual 0.1290 mm)
    Rule: USB3 SuperSpeed pair width; error
    @(110.6432 mm, 97.3693 mm): Track [/SSRX+] on Bottom Layer, length 0.7424 mm
[track_width]: Track width (board setup constraints min width 0.1900 mm; actual 0.1460 mm)
    Rule: USB3 SuperSpeed pair width; error
    @(111.8000 mm, 99.0000 mm): Track [/SSRX+] on Bottom Layer, length 1.6360 mm
[track_width]: Track width (board setup constraints min width 0.1900 mm; actual 0.1290 mm)
    Rule: USB3 SuperSpeed pair width; error
    @(111.4009 mm, 93.9591 mm): Track [/SSRX+] on Bottom Layer, length 0.3476 mm
[track_width]: Track width (board setup constraints min width 0.1900 mm; actual 0.1290 mm)
    Rule: USB3 SuperSpeed pair width; error
    @(111.7486 mm, 93.9591 mm): Track [/SSRX+] on Bottom Layer, length 0.4057 mm
[track_width]: Track width (rule '100 ohm pair width' max width 0.2400 mm; actual 0.2500 mm)
    Rule: 100 ohm pair width; error
    @(112.6000 mm, 95.3796 mm): Track [/USB3-0-D_N] on Top Layer, length 0.4415 mm
[track_width]: Track width (rule '100 ohm pair width' max width 0.2400 mm; actual 0.2500 mm)
    Rule: 100 ohm pair width; error
    @(112.7630 mm, 93.9772 mm): Track [/USB3-0-D_N] on Top Layer, length 0.0991 mm
[track_width]: Track width (rule '100 ohm pair width' max width 0.2400 mm; actual 0.2500 mm)
    Rule: 100 ohm pair width; error
    @(112.7630 mm, 94.4441 mm): Track [/USB3-0-D_N] on Top Layer, length 0.4669 mm
[track_width]: Track width (rule '100 ohm pair width' max width 0.2400 mm; actual 0.2500 mm)
    Rule: 100 ohm pair width; error
    @(112.6423 mm, 95.4219 mm): Track [/USB3-0-D_N] on Top Layer, length 0.0598 mm
[track_width]: Track width (rule '100 ohm pair width' max width 0.2400 mm; actual 0.2500 mm)
    Rule: 100 ohm pair width; error
    @(112.6929 mm, 93.9071 mm): Track [/USB3-0-D_N] on Top Layer, length 3.5456 mm
[track_width]: Track width (rule '100 ohm pair width' max width 0.2400 mm; actual 0.2500 mm)
    Rule: 100 ohm pair width; error
    @(112.7781 mm, 94.4592 mm): Track [/USB3-0-D_N] on Top Layer, length 0.0214 mm
[track_width]: Track width (rule '100 ohm pair width' max width 0.2400 mm; actual 0.2500 mm)
    Rule: 100 ohm pair width; error
    @(112.7781 mm, 94.7600 mm): Track [/USB3-0-D_N] on Top Layer, length 0.3007 mm
[track_width]: Track width (rule '100 ohm pair width' max width 0.2400 mm; actual 0.2500 mm)
    Rule: 100 ohm pair width; error
    @(112.6000 mm, 94.9381 mm): Track [/USB3-0-D_N] on Top Layer, length 0.2519 mm
[track_width]: Track width (rule '100 ohm pair width' max width 0.2400 mm; actual 0.2500 mm)
    Rule: 100 ohm pair width; error
    @(159.9250 mm, 107.0000 mm): Track [/USB3-0-D_N] on Top Layer, length 0.7250 mm
[track_width]: Track width (rule '100 ohm pair width' max width 0.2400 mm; actual 0.2500 mm)
    Rule: 100 ohm pair width; error
    @(115.2000 mm, 91.4000 mm): Track [/USB3-0-D_N] on Top Layer, length 12.0000 mm
[track_width]: Track width (rule '100 ohm pair width' max width 0.2400 mm; actual 0.2500 mm)
    Rule: 100 ohm pair width; error
    @(159.2000 mm, 107.0000 mm): Track [/USB3-0-D_N] on Top Layer, length 1.1314 mm
[track_width]: Track width (rule '100 ohm pair width' max width 0.2400 mm; actual 0.2500 mm)
    Rule: 100 ohm pair width; error
    @(112.6423 mm, 95.4219 mm): Track [/USB3-0-D_N] on Bottom Layer, length 0.0014 mm
[track_width]: Track width (rule '100 ohm pair width' max width 0.2400 mm; actual 0.2500 mm)
    Rule: 100 ohm pair width; error
    @(113.9889 mm, 95.4209 mm): Track [/USB3-0-D_N] on Bottom Layer, length 0.0355 mm
[track_width]: Track width (rule '100 ohm pair width' max width 0.2400 mm; actual 0.2500 mm)
    Rule: 100 ohm pair width; error
    @(112.6433 mm, 95.4209 mm): Track [/USB3-0-D_N] on Bottom Layer, length 1.3456 mm
[track_width]: Track width (board setup constraints min width 0.1700 mm; actual 0.1290 mm)
    Rule: 100 ohm pair width; error
    @(160.4084 mm, 114.2084 mm): Track [/USB3-0-D_N] on Bottom Layer, length 8.2169 mm
[track_width]: Track width (board setup constraints min width 0.1700 mm; actual 0.1280 mm)
    Rule: 100 ohm pair width; error
    @(157.9620 mm, 92.2310 mm): Track [/Ethernet_Pair2_P] on Bottom Layer, length 0.9461 mm
[track_width]: Track width (board setup constraints min width 0.1700 mm; actual 0.1280 mm)
    Rule: 100 ohm pair width; error
    @(158.9050 mm, 90.3420 mm): Track [/Ethernet_Pair2_P] on Bottom Layer, length 1.3336 mm
[track_width]: Track width (board setup constraints min width 0.1700 mm; actual 0.1280 mm)
    Rule: 100 ohm pair width; error
    @(156.3470 mm, 92.9000 mm): Track [/Ethernet_Pair2_P] on Bottom Layer, length 3.1876 mm
[track_width]: Track width (board setup constraints min width 0.1700 mm; actual 0.1290 mm)
    Rule: 100 ohm pair width; error
    @(157.9620 mm, 91.2850 mm): Track [/Ethernet_Pair2_P] on Bottom Layer, length 0.9461 mm
[track_width]: Track width (board setup constraints min width 0.1700 mm; actual 0.1300 mm)
    Rule: 100 ohm pair width; error
    @(157.2930 mm, 92.9000 mm): Track [/Ethernet_Pair2_P] on Bottom Layer, length 0.9461 mm
[track_width]: Track width (board setup constraints min width 0.1700 mm; actual 0.1290 mm)
    Rule: 100 ohm pair width; error
    @(161.6580 mm, 90.3420 mm): Track [/Ethernet_Pair2_P] on Bottom Layer, length 2.7530 mm
[track_width]: Track width (board setup constraints min width 0.1700 mm; actual 0.1290 mm)
    Rule: 100 ohm pair width; error
    @(158.5831 mm, 88.5580 mm): Track [/Ethernet_Pair3_P] on Bottom Layer, length 1.8838 mm
[track_width]: Track width (board setup constraints min width 0.1700 mm; actual 0.1290 mm)
    Rule: 100 ohm pair width; error
    @(152.2207 mm, 88.2728 mm): Track [/Ethernet_Pair3_P] on Bottom Layer, length 1.5875 mm
[track_width]: Track width (board setup constraints min width 0.1700 mm; actual 0.1300 mm)
    Rule: 100 ohm pair width; error
    @(150.5520 mm, 88.3540 mm): Track [/Ethernet_Pair3_P] on Bottom Layer, length 0.6280 mm
[track_width]: Track width (board setup constraints min width 0.1700 mm; actual 0.1280 mm)
    Rule: 100 ohm pair width; error
    @(153.9480 mm, 90.0000 mm): Track [/Ethernet_Pair3_P] on Bottom Layer, length 2.4427 mm
[track_width]: Track width (board setup constraints min width 0.1700 mm; actual 0.1300 mm)
    Rule: 100 ohm pair width; error
    @(159.4000 mm, 89.3749 mm): Track [/Ethernet_Pair3_P] on Bottom Layer, length 1.1553 mm
[track_width]: Track width (board setup constraints min width 0.1700 mm; actual 0.1280 mm)
    Rule: 100 ohm pair width; error
    @(156.6993 mm, 88.5580 mm): Track [/Ethernet_Pair3_P] on Bottom Layer, length 2.0393 mm
[lib_footprint_issues]: The current configuration does not include the footprint library 'CM5IO'.
    Local override; warning
    @(149.0540 mm, 119.9460 mm): Footprint Module1

** Found 0 unconnected pads **

** Found 0 Footprint errors **

** End of Report **
